[/workspace/scratch/bdd9eba40ea0/tools/Linux/WeiDU-Linux/weidu] WeiDU version 25100
[./chitin.key] 0 BIFFs, 0 resources
[./dialog.tlk] 1 string entries
[./dialog.tlk] claims to be writeable.
[./dialog.tlk] claims to be a regular file.
WARNING: parsing log [WeiDU.log]: Sys_error("./WeiDU.log: No such file or directory")
Using Language [English]
[English] has 1 top-level TRA files
[sr_original_spell_animations/languages/english/setup.tra] has 3 translation strings

Installing [Distinct IWDEE post-cast effects for original BG spells] [v0.2.0-beta.3]
Copying 1 file ...
Copying and patching 1 file ...
Copying and patching 1 file ...
Copying and patching 1 file ...
Copying and patching 1 file ...
Copying and patching 1 file ...
Copying and patching 1 file ...
Copying and patching 1 file ...
Copying and patching 1 file ...
Copying and patching 1 file ...
Copying and patching 1 file ...
Copying and patching 1 file ...
Copying and patching 1 file ...
Copying and patching 1 file ...
Copying and patching 1 file ...
Copying and patching 1 file ...
Copying and patching 1 file ...
Copying and patching 1 file ...
Copying and patching 1 file ...
Copying and patching 1 file ...
Copying and patching 1 file ...


Saving This Log:
SR_ORIGINAL_SPELL_ANIMATIONS/SETUP-SR_ORIGINAL_SPELL_ANIMATIONS.TP2  0 10 Installed ~Distinct IWDEE post-cast effects for original BG spells~
[sr_original_spell_animations/languages/english/setup.tra] has 3 translation strings

SUCCESSFULLY INSTALLED      Distinct IWDEE post-cast effects for original BG spells
