[/workspace/scratch/bdd9eba40ea0/tools/Linux/WeiDU-Linux/weidu] WeiDU version 25100
[./chitin.key] 0 BIFFs, 0 resources
[./dialog.tlk] 1 string entries
[./dialog.tlk] claims to be writeable.
[./dialog.tlk] claims to be a regular file.
Using Language [English]
[English] has 1 top-level TRA files
[sr_original_spell_animations/languages/english/setup.tra] has 3 translation strings
SR_ORIGINAL_SPELL_ANIMATIONS/SETUP-SR_ORIGINAL_SPELL_ANIMATIONS.TP2  0  0 Installed
SR_ORIGINAL_SPELL_ANIMATIONS/SETUP-SR_ORIGINAL_SPELL_ANIMATIONS.TP2  0 10 Installed

Removing [SR post-cast effect animations for original BG2 spells] (component #0)
uninstall: sr_original_spell_animations/setup-sr_original_spell_animations.tp2 0
We must temporarily uninstall [SR_ORIGINAL_SPELL_ANIMATIONS/SETUP-SR_ORIGINAL_SPELL_ANIMATIONS.TP2] component 10
Will uninstall  46 files for [SR_ORIGINAL_SPELL_ANIMATIONS/SETUP-SR_ORIGINAL_SPELL_ANIMATIONS.TP2] component 10.
  Restoring backed-up [sr_original_spell_animations/backup/10/SPPR308.spl]
  Restoring backed-up [sr_original_spell_animations/backup/10/SPPR411.spl]
  Restoring backed-up [sr_original_spell_animations/backup/10/SPPR417.spl]
  Restoring backed-up [sr_original_spell_animations/backup/10/SPPR502.spl]
  Restoring backed-up [sr_original_spell_animations/backup/10/SPPR603.spl]
  Restoring backed-up [sr_original_spell_animations/backup/10/SPPR708.spl]
  Restoring backed-up [sr_original_spell_animations/backup/10/SPPR711.spl]
  Restoring backed-up [sr_original_spell_animations/backup/10/SPPR713.spl]
  Restoring backed-up [sr_original_spell_animations/backup/10/SPPR722.spl]
  Restoring backed-up [sr_original_spell_animations/backup/10/SPWI605.spl]
  Restoring backed-up [sr_original_spell_animations/backup/10/SPWI612.spl]
  Restoring backed-up [sr_original_spell_animations/backup/10/SPWI711.spl]
  Restoring backed-up [sr_original_spell_animations/backup/10/SPWI713.spl]
  Restoring backed-up [sr_original_spell_animations/backup/10/SPWI715.spl]
  Restoring backed-up [sr_original_spell_animations/backup/10/SPWI812.spl]
  Restoring backed-up [sr_original_spell_animations/backup/10/SPWI922.spl]
Uninstalled     46 files for [SR_ORIGINAL_SPELL_ANIMATIONS/SETUP-SR_ORIGINAL_SPELL_ANIMATIONS.TP2] component 10.
Will uninstall  42 files for [SR_ORIGINAL_SPELL_ANIMATIONS/SETUP-SR_ORIGINAL_SPELL_ANIMATIONS.TP2] component 0.
  Restoring backed-up [sr_original_spell_animations/backup/0/spentaai.bam]
  Restoring backed-up [sr_original_spell_animations/backup/0/spentaci.bam]
  Restoring backed-up [sr_original_spell_animations/backup/0/spchrorb.bam]
  Restoring backed-up [sr_original_spell_animations/backup/0/spmagglo.bam]
  Restoring backed-up [sr_original_spell_animations/backup/0/spmagglo.vvc]
  Restoring backed-up [sr_original_spell_animations/backup/0/SPWI206.spl]
  Restoring backed-up [sr_original_spell_animations/backup/0/SPWI212.spl]
  Restoring backed-up [sr_original_spell_animations/backup/0/SPWI307.spl]
  Restoring backed-up [sr_original_spell_animations/backup/0/SPPR516.spl]
  Restoring backed-up [sr_original_spell_animations/backup/0/SPWI317.spl]
  Restoring backed-up [sr_original_spell_animations/backup/0/SPWI414.spl]
  Restoring backed-up [sr_original_spell_animations/backup/0/SPWI505.spl]
  Restoring backed-up [sr_original_spell_animations/backup/0/SPPR728.spl]
  Restoring backed-up [sr_original_spell_animations/backup/0/SPPR609.spl]
  Restoring backed-up [sr_original_spell_animations/backup/0/SPWI708.spl]
  Restoring backed-up [sr_original_spell_animations/backup/0/SPWI516.spl]
  Restoring backed-up [sr_original_spell_animations/backup/0/SPWI520.spl]
  Restoring backed-up [sr_original_spell_animations/backup/0/SPWI521.spl]
  Restoring backed-up [sr_original_spell_animations/backup/0/SPWI620.spl]
  Restoring backed-up [sr_original_spell_animations/backup/0/SPWI621.spl]
  Restoring backed-up [sr_original_spell_animations/backup/0/SPWI622.spl]
Uninstalled     42 files for [SR_ORIGINAL_SPELL_ANIMATIONS/SETUP-SR_ORIGINAL_SPELL_ANIMATIONS.TP2] component 0.


SUCCESSFULLY REMOVED [SR post-cast effect animations for original BG2 spells] (component #0)

Removing [Distinct IWDEE post-cast effects for original BG spells] (component #10)
uninstall: sr_original_spell_animations/setup-sr_original_spell_animations.tp2 10
uninstall: sr_original_spell_animations/setup-sr_original_spell_animations.tp2 10 already temporarily uninstalled


SUCCESSFULLY REMOVED [Distinct IWDEE post-cast effects for original BG spells] (component #10)
Saving This Log:
SR_ORIGINAL_SPELL_ANIMATIONS/SETUP-SR_ORIGINAL_SPELL_ANIMATIONS.TP2  0  0 Permanently_Uninstalled
SR_ORIGINAL_SPELL_ANIMATIONS/SETUP-SR_ORIGINAL_SPELL_ANIMATIONS.TP2  0 10 Permanently_Uninstalled
[sr_original_spell_animations/languages/english/setup.tra] has 3 translation strings
